approvedSignatures:
- "method java.net.URI getHost"
